Product: MDK-ARM Lite 5.10
Component: ARM Compiler 5.04 update 1 (build 49)
Tool: armlink [5040049]

==============================================================================

Section Cross References

    ht1632.o(.text) refers to stm32f4xx_rcc.o(.text) for RCC_AHB1PeriphClockCmd
    ht1632.o(.text) refers to stm32f4xx_gpio.o(.text) for GPIO_Init
    ht1632.o(.text) refers to malloc.o(i.malloc) for malloc
    ht1632.o(.text) refers to memcpya.o(.text) for __aeabi_memcpy
    ht1632.o(.ARM.exidx) refers to ht1632.o(.text) for .text
    main.o(.text) refers to system_stm32f4xx.o(.text) for SystemCoreClockUpdate
    main.o(.text) refers to digitdisplay.o(.text) for InitButton()
    main.o(.text) refers to ht1632.o(.text) for HT1632LEDMatrix::HT1632LEDMatrix(unsigned char, unsigned char, unsigned char)
    main.o(.text) refers to main.o(.data) for msTicks
    main.o(.text) refers to system_stm32f4xx.o(.data) for SystemCoreClock
    main.o(.ARM.exidx) refers to main.o(.text) for .text
    digitdisplay.o(.text) refers to stm32f4xx_rcc.o(.text) for RCC_AHB1PeriphClockCmd
    digitdisplay.o(.text) refers to stm32f4xx_gpio.o(.text) for GPIO_Init
    digitdisplay.o(.text) refers to ht1632.o(.text) for HT1632LEDMatrix::fillRect(unsigned char, unsigned char, unsigned char, unsigned char, unsigned char)
    digitdisplay.o(.text) refers to digitdisplay.o(.data) for digitHeightOutside
    digitdisplay.o(.text) refers to main.o(.data) for msTicks
    digitdisplay.o(.ARM.exidx) refers to digitdisplay.o(.text) for .text
    system_stm32f4xx.o(.text) refers to system_stm32f4xx.o(.data) for SystemCoreClock
    startup_stm32f40_41xxx.o(RESET) refers to startup_stm32f40_41xxx.o(STACK) for __initial_sp
    startup_stm32f40_41xxx.o(RESET) refers to startup_stm32f40_41xxx.o(.text) for Reset_Handler
    startup_stm32f40_41xxx.o(RESET) refers to main.o(.text) for SysTick_Handler
    startup_stm32f40_41xxx.o(.text) refers to system_stm32f4xx.o(.text) for SystemInit
    startup_stm32f40_41xxx.o(.text) refers to entry.o(.ARM.Collect$$$$00000000) for __main
    stm32f4xx_gpio.o(.text) refers to stm32f4xx_rcc.o(.text) for RCC_AHB1PeriphResetCmd
    stm32f4xx_rcc.o(.text) refers to stm32f4xx_rcc.o(.data) for APBAHBPrescTable
    stm32f4xx_syscfg.o(.text) refers to stm32f4xx_rcc.o(.text) for RCC_APB2PeriphResetCmd
    stm32f4xx_spi.o(.text) refers to stm32f4xx_rcc.o(.text) for RCC_APB2PeriphResetCmd
    stm32f4xx_tim.o(.text) refers to stm32f4xx_rcc.o(.text) for RCC_APB2PeriphResetCmd
    entry.o(.ARM.Collect$$$$00000000) refers (Special) to entry10a.o(.ARM.Collect$$$$0000000D) for __rt_final_cpp
    entry.o(.ARM.Collect$$$$00000000) refers (Special) to entry11a.o(.ARM.Collect$$$$0000000F) for __rt_final_exit
    entry.o(.ARM.Collect$$$$00000000) refers (Special) to entry7b.o(.ARM.Collect$$$$00000008) for _main_clock
    entry.o(.ARM.Collect$$$$00000000) refers (Special) to entry8b.o(.ARM.Collect$$$$0000000A) for _main_cpp_init
    entry.o(.ARM.Collect$$$$00000000) refers (Special) to entry9a.o(.ARM.Collect$$$$0000000B) for _main_init
    entry.o(.ARM.Collect$$$$00000000) refers (Special) to entry5.o(.ARM.Collect$$$$00000004) for _main_scatterload
    entry.o(.ARM.Collect$$$$00000000) refers (Special) to entry2.o(.ARM.Collect$$$$00000001) for _main_stk
    malloc.o(i.free) refers to mvars.o(.data) for __microlib_freelist
    malloc.o(i.malloc) refers to mvars.o(.data) for __microlib_freelist_initialised
    malloc.o(i.malloc) refers to mvars.o(.data) for __microlib_freelist
    malloc.o(i.malloc) refers to startup_stm32f40_41xxx.o(HEAP) for __heap_base
    mallocr.o(i.__free$realloc) refers to mvars.o(.data) for __microlib_freelist
    mallocr.o(i.__malloc$realloc) refers to mallocr.o(i.internal_alloc) for internal_alloc
    mallocr.o(i.__malloc$realloc) refers to mvars.o(.data) for __microlib_freelist_initialised
    mallocr.o(i.__malloc$realloc) refers to startup_stm32f40_41xxx.o(HEAP) for __heap_base
    mallocr.o(i.__malloc$realloc) refers to mvars.o(.data) for __microlib_freelist
    mallocr.o(i.internal_alloc) refers to memcpya.o(.text) for __aeabi_memcpy
    mallocr.o(i.internal_alloc) refers to mvars.o(.data) for __microlib_freelist
    mallocr.o(i.realloc) refers to mallocr.o(i.__free$realloc) for __free$realloc
    mallocr.o(i.realloc) refers to mallocr.o(i.internal_alloc) for internal_alloc
    mallocr.o(i.realloc) refers to mallocr.o(i.__malloc$realloc) for __malloc$realloc
    mallocr.o(i.realloc) refers to mvars.o(.data) for __microlib_freelist
    malloca.o(i.__aligned_malloc) refers to mvars.o(.data) for __microlib_freelist_initialised
    malloca.o(i.__aligned_malloc) refers to mvars.o(.data) for __microlib_freelist
    malloca.o(i.__aligned_malloc) refers to startup_stm32f40_41xxx.o(HEAP) for __heap_base
    malloca.o(i.__free$memalign) refers to mvars.o(.data) for __microlib_freelist
    malloca.o(i.__malloc$memalign) refers to malloca.o(i.__aligned_malloc) for __aligned_malloc
    mallocra.o(i.__aligned_malloc$realloc) refers to mallocra.o(i.internal_alloc) for internal_alloc
    mallocra.o(i.__aligned_malloc$realloc) refers to mvars.o(.data) for __microlib_freelist_initialised
    mallocra.o(i.__aligned_malloc$realloc) refers to startup_stm32f40_41xxx.o(HEAP) for __heap_base
    mallocra.o(i.__aligned_malloc$realloc) refers to mvars.o(.data) for __microlib_freelist
    mallocra.o(i.__free$realloc$memalign) refers to mvars.o(.data) for __microlib_freelist
    mallocra.o(i.__malloc$realloc$memalign) refers to mallocra.o(i.__aligned_malloc$realloc) for __aligned_malloc$realloc
    mallocra.o(i.__realloc$memalign) refers to mallocra.o(i.__free$realloc$memalign) for __free$realloc$memalign
    mallocra.o(i.__realloc$memalign) refers to mallocra.o(i.internal_alloc) for internal_alloc
    mallocra.o(i.__realloc$memalign) refers to mallocra.o(i.__malloc$realloc$memalign) for __malloc$realloc$memalign
    mallocra.o(i.__realloc$memalign) refers to mvars.o(.data) for __microlib_freelist
    mallocra.o(i.internal_alloc) refers to memcpya.o(.text) for __aeabi_memcpy
    mallocra.o(i.internal_alloc) refers to mvars.o(.data) for __microlib_freelist
    entry2.o(.ARM.Collect$$$$00000001) refers to entry2.o(.ARM.Collect$$$$00002712) for __lit__00000000
    entry2.o(.ARM.Collect$$$$00002712) refers to startup_stm32f40_41xxx.o(STACK) for __initial_sp
    entry2.o(__vectab_stack_and_reset_area) refers to startup_stm32f40_41xxx.o(STACK) for __initial_sp
    entry2.o(__vectab_stack_and_reset_area) refers to entry.o(.ARM.Collect$$$$00000000) for __main
    entry5.o(.ARM.Collect$$$$00000004) refers to init.o(.text) for __scatterload
    entry9a.o(.ARM.Collect$$$$0000000B) refers to main.o(.text) for main
    entry9b.o(.ARM.Collect$$$$0000000C) refers to main.o(.text) for main
    init.o(.text) refers to entry5.o(.ARM.Collect$$$$00000004) for __main_after_scatterload


==============================================================================

Removing Unused input sections from the image.

    Removing fputc_def.o(.rev16_text), (4 bytes).
    Removing fputc_def.o(.revsh_text), (4 bytes).
    Removing fputc_def.o(.text), (36 bytes).
    Removing ht1632.o(.rev16_text), (4 bytes).
    Removing ht1632.o(.revsh_text), (4 bytes).
    Removing ht1632.o(.ARM.exidx), (8 bytes).
    Removing main.o(.rev16_text), (4 bytes).
    Removing main.o(.revsh_text), (4 bytes).
    Removing main.o(.ARM.exidx), (8 bytes).
    Removing digitdisplay.o(.rev16_text), (4 bytes).
    Removing digitdisplay.o(.revsh_text), (4 bytes).
    Removing digitdisplay.o(.ARM.exidx), (8 bytes).
    Removing system_stm32f4xx.o(.rev16_text), (4 bytes).
    Removing system_stm32f4xx.o(.revsh_text), (4 bytes).
    Removing misc.o(.rev16_text), (4 bytes).
    Removing misc.o(.revsh_text), (4 bytes).
    Removing misc.o(.text), (224 bytes).
    Removing stm32f4xx_exti.o(.rev16_text), (4 bytes).
    Removing stm32f4xx_exti.o(.revsh_text), (4 bytes).
    Removing stm32f4xx_exti.o(.text), (272 bytes).
    Removing stm32f4xx_gpio.o(.rev16_text), (4 bytes).
    Removing stm32f4xx_gpio.o(.revsh_text), (4 bytes).
    Removing stm32f4xx_rcc.o(.rev16_text), (4 bytes).
    Removing stm32f4xx_rcc.o(.revsh_text), (4 bytes).
    Removing stm32f4xx_syscfg.o(.rev16_text), (4 bytes).
    Removing stm32f4xx_syscfg.o(.revsh_text), (4 bytes).
    Removing stm32f4xx_syscfg.o(.text), (148 bytes).
    Removing stm32f4xx_spi.o(.rev16_text), (4 bytes).
    Removing stm32f4xx_spi.o(.revsh_text), (4 bytes).
    Removing stm32f4xx_spi.o(.text), (1102 bytes).
    Removing stm32f4xx_tim.o(.rev16_text), (4 bytes).
    Removing stm32f4xx_tim.o(.revsh_text), (4 bytes).
    Removing stm32f4xx_tim.o(.text), (3234 bytes).

33 unused section(s) (total 5136 bytes) removed from the image.

==============================================================================

Image Symbol Table

    Local Symbols

    Symbol Name                              Value     Ov Type        Size  Object(Section)

    ../clib/microlib/init/entry.s            0x00000000   Number         0  entry10b.o ABSOLUTE
    ../clib/microlib/init/entry.s            0x00000000   Number         0  entry11a.o ABSOLUTE
    ../clib/microlib/init/entry.s            0x00000000   Number         0  entry10a.o ABSOLUTE
    ../clib/microlib/init/entry.s            0x00000000   Number         0  entry9b.o ABSOLUTE
    ../clib/microlib/init/entry.s            0x00000000   Number         0  entry9a.o ABSOLUTE
    ../clib/microlib/init/entry.s            0x00000000   Number         0  entry8b.o ABSOLUTE
    ../clib/microlib/init/entry.s            0x00000000   Number         0  entry8a.o ABSOLUTE
    ../clib/microlib/init/entry.s            0x00000000   Number         0  entry7b.o ABSOLUTE
    ../clib/microlib/init/entry.s            0x00000000   Number         0  entry7a.o ABSOLUTE
    ../clib/microlib/init/entry.s            0x00000000   Number         0  entry5.o ABSOLUTE
    ../clib/microlib/init/entry.s            0x00000000   Number         0  entry2.o ABSOLUTE
    ../clib/microlib/init/entry.s            0x00000000   Number         0  entry.o ABSOLUTE
    ../clib/microlib/init/entry.s            0x00000000   Number         0  entry11b.o ABSOLUTE
    ../clib/microlib/malloc/malloc.c         0x00000000   Number         0  malloca.o ABSOLUTE
    ../clib/microlib/malloc/malloc.c         0x00000000   Number         0  malloc.o ABSOLUTE
    ../clib/microlib/malloc/malloc.c         0x00000000   Number         0  mallocr.o ABSOLUTE
    ../clib/microlib/malloc/malloc.c         0x00000000   Number         0  mallocra.o ABSOLUTE
    ../clib/microlib/malloc/mvars.c          0x00000000   Number         0  mvars.o ABSOLUTE
    ../clib/microlib/string/memcpy.c         0x00000000   Number         0  memcpyb.o ABSOLUTE
    ../clib/microlib/string/memcpy.c         0x00000000   Number         0  memcpya.o ABSOLUTE
    C:\Keil_v5\ARM\PACK\Keil\STM32F4xx_DFP\1.0.8\Device\StdPeriph_Driver\src\misc.c 0x00000000   Number         0  misc.o ABSOLUTE
    C:\Keil_v5\ARM\PACK\Keil\STM32F4xx_DFP\1.0.8\Device\StdPeriph_Driver\src\stm32f4xx_exti.c 0x00000000   Number         0  stm32f4xx_exti.o ABSOLUTE
    C:\Keil_v5\ARM\PACK\Keil\STM32F4xx_DFP\1.0.8\Device\StdPeriph_Driver\src\stm32f4xx_gpio.c 0x00000000   Number         0  stm32f4xx_gpio.o ABSOLUTE
    C:\Keil_v5\ARM\PACK\Keil\STM32F4xx_DFP\1.0.8\Device\StdPeriph_Driver\src\stm32f4xx_rcc.c 0x00000000   Number         0  stm32f4xx_rcc.o ABSOLUTE
    C:\Keil_v5\ARM\PACK\Keil\STM32F4xx_DFP\1.0.8\Device\StdPeriph_Driver\src\stm32f4xx_spi.c 0x00000000   Number         0  stm32f4xx_spi.o ABSOLUTE
    C:\Keil_v5\ARM\PACK\Keil\STM32F4xx_DFP\1.0.8\Device\StdPeriph_Driver\src\stm32f4xx_syscfg.c 0x00000000   Number         0  stm32f4xx_syscfg.o ABSOLUTE
    C:\Keil_v5\ARM\PACK\Keil\STM32F4xx_DFP\1.0.8\Device\StdPeriph_Driver\src\stm32f4xx_tim.c 0x00000000   Number         0  stm32f4xx_tim.o ABSOLUTE
    C:\\Keil_v5\\ARM\\PACK\\Keil\\STM32F4xx_DFP\\1.0.8\\Device\\StdPeriph_Driver\\src\\misc.c 0x00000000   Number         0  misc.o ABSOLUTE
    C:\\Keil_v5\\ARM\\PACK\\Keil\\STM32F4xx_DFP\\1.0.8\\Device\\StdPeriph_Driver\\src\\stm32f4xx_exti.c 0x00000000   Number         0  stm32f4xx_exti.o ABSOLUTE
    C:\\Keil_v5\\ARM\\PACK\\Keil\\STM32F4xx_DFP\\1.0.8\\Device\\StdPeriph_Driver\\src\\stm32f4xx_gpio.c 0x00000000   Number         0  stm32f4xx_gpio.o ABSOLUTE
    C:\\Keil_v5\\ARM\\PACK\\Keil\\STM32F4xx_DFP\\1.0.8\\Device\\StdPeriph_Driver\\src\\stm32f4xx_rcc.c 0x00000000   Number         0  stm32f4xx_rcc.o ABSOLUTE
    C:\\Keil_v5\\ARM\\PACK\\Keil\\STM32F4xx_DFP\\1.0.8\\Device\\StdPeriph_Driver\\src\\stm32f4xx_spi.c 0x00000000   Number         0  stm32f4xx_spi.o ABSOLUTE
    C:\\Keil_v5\\ARM\\PACK\\Keil\\STM32F4xx_DFP\\1.0.8\\Device\\StdPeriph_Driver\\src\\stm32f4xx_syscfg.c 0x00000000   Number         0  stm32f4xx_syscfg.o ABSOLUTE
    C:\\Keil_v5\\ARM\\PACK\\Keil\\STM32F4xx_DFP\\1.0.8\\Device\\StdPeriph_Driver\\src\\stm32f4xx_tim.c 0x00000000   Number         0  stm32f4xx_tim.o ABSOLUTE
    HT1632.cpp                               0x00000000   Number         0  ht1632.o ABSOLUTE
    HT1632.cpp                               0x00000000   Number         0  ht1632.o ABSOLUTE
    RTE\Device\STM32F407VG\startup_stm32f40_41xxx.s 0x00000000   Number         0  startup_stm32f40_41xxx.o ABSOLUTE
    RTE\Device\STM32F407VG\system_stm32f4xx.c 0x00000000   Number         0  system_stm32f4xx.o ABSOLUTE
    RTE\\Device\\STM32F407VG\\system_stm32f4xx.c 0x00000000   Number         0  system_stm32f4xx.o ABSOLUTE
    dc.s                                     0x00000000   Number         0  dc.o ABSOLUTE
    digitdisplay.cpp                         0x00000000   Number         0  digitdisplay.o ABSOLUTE
    digitdisplay.cpp                         0x00000000   Number         0  digitdisplay.o ABSOLUTE
    fputc_def.c                              0x00000000   Number         0  fputc_def.o ABSOLUTE
    fputc_def.c                              0x00000000   Number         0  fputc_def.o ABSOLUTE
    handlers.s                               0x00000000   Number         0  handlers.o ABSOLUTE
    init.s                                   0x00000000   Number         0  init.o ABSOLUTE
    main.cpp                                 0x00000000   Number         0  main.o ABSOLUTE
    main.cpp                                 0x00000000   Number         0  main.o ABSOLUTE
    RESET                                    0x08000000   Section      392  startup_stm32f40_41xxx.o(RESET)
    .ARM.Collect$$$$00000000                 0x08000188   Section        0  entry.o(.ARM.Collect$$$$00000000)
    .ARM.Collect$$$$00000001                 0x08000188   Section        4  entry2.o(.ARM.Collect$$$$00000001)
    .ARM.Collect$$$$00000004                 0x0800018c   Section        4  entry5.o(.ARM.Collect$$$$00000004)
    .ARM.Collect$$$$00000008                 0x08000190   Section        0  entry7b.o(.ARM.Collect$$$$00000008)
    .ARM.Collect$$$$0000000A                 0x08000190   Section        0  entry8b.o(.ARM.Collect$$$$0000000A)
    .ARM.Collect$$$$0000000B                 0x08000190   Section        8  entry9a.o(.ARM.Collect$$$$0000000B)
    .ARM.Collect$$$$0000000D                 0x08000198   Section        0  entry10a.o(.ARM.Collect$$$$0000000D)
    .ARM.Collect$$$$0000000F                 0x08000198   Section        0  entry11a.o(.ARM.Collect$$$$0000000F)
    .ARM.Collect$$$$00002712                 0x08000198   Section        4  entry2.o(.ARM.Collect$$$$00002712)
    __lit__00000000                          0x08000198   Data           4  entry2.o(.ARM.Collect$$$$00002712)
    .text                                    0x0800019c   Section        0  ht1632.o(.text)
    .text                                    0x08000c58   Section        0  main.o(.text)
    .text                                    0x08000f28   Section        0  digitdisplay.o(.text)
    .text                                    0x08001e88   Section        0  system_stm32f4xx.o(.text)
    SetSysClock                              0x08001e89   Thumb Code   220  system_stm32f4xx.o(.text)
    .text                                    0x08002098   Section       36  startup_stm32f40_41xxx.o(.text)
    $v0                                      0x08002098   Number         0  startup_stm32f40_41xxx.o(.text)
    .text                                    0x080020bc   Section        0  stm32f4xx_gpio.o(.text)
    .text                                    0x08002350   Section        0  stm32f4xx_rcc.o(.text)
    .text                                    0x08002984   Section        0  memcpya.o(.text)
    .text                                    0x080029a8   Section       36  init.o(.text)
    i.__scatterload_copy                     0x080029cc   Section       14  handlers.o(i.__scatterload_copy)
    i.__scatterload_null                     0x080029da   Section        2  handlers.o(i.__scatterload_null)
    i.__scatterload_zeroinit                 0x080029dc   Section       14  handlers.o(i.__scatterload_zeroinit)
    i.malloc                                 0x080029ec   Section        0  malloc.o(i.malloc)
    .data                                    0x20000000   Section        4  main.o(.data)
    .data                                    0x20000004   Section       64  digitdisplay.o(.data)
    .data                                    0x20000044   Section       20  system_stm32f4xx.o(.data)
    .data                                    0x20000058   Section       16  stm32f4xx_rcc.o(.data)
    APBAHBPrescTable                         0x20000058   Data          16  stm32f4xx_rcc.o(.data)
    .data                                    0x20000068   Section        4  mvars.o(.data)
    .data                                    0x2000006c   Section        4  mvars.o(.data)
    HEAP                                     0x20000070   Section    12288  startup_stm32f40_41xxx.o(HEAP)
    STACK                                    0x20003070   Section    16384  startup_stm32f40_41xxx.o(STACK)

    Global Symbols

    Symbol Name                              Value     Ov Type        Size  Object(Section)

    BuildAttributes$$THM_ISAv4$E$P$D$K$B$S$7EM$VFPi3$EXTD16$VFPS$VFMA$PE$A:L22UL41UL21$X:L11$S22US41US21$IEEE1$IW$USESV6$~STKCKD$USESV7$~SHL$OSPACE$EBA8$MICROLIB$REQ8$PRES8$EABIv2 0x00000000   Number         0  anon$$obj.o ABSOLUTE
    __ARM_use_no_argv                        0x00000000   Number         0  main.o ABSOLUTE
    __cpp_initialize__aeabi_                  - Undefined Weak Reference
    __cxa_finalize                            - Undefined Weak Reference
    __decompress                              - Undefined Weak Reference
    _clock_init                               - Undefined Weak Reference
    _microlib_exit                            - Undefined Weak Reference
    __Vectors_Size                           0x00000188   Number         0  startup_stm32f40_41xxx.o ABSOLUTE
    __Vectors                                0x08000000   Data           4  startup_stm32f40_41xxx.o(RESET)
    __Vectors_End                            0x08000188   Data           0  startup_stm32f40_41xxx.o(RESET)
    __main                                   0x08000189   Thumb Code     0  entry.o(.ARM.Collect$$$$00000000)
    _main_stk                                0x08000189   Thumb Code     0  entry2.o(.ARM.Collect$$$$00000001)
    _main_scatterload                        0x0800018d   Thumb Code     0  entry5.o(.ARM.Collect$$$$00000004)
    __main_after_scatterload                 0x08000191   Thumb Code     0  entry5.o(.ARM.Collect$$$$00000004)
    _main_clock                              0x08000191   Thumb Code     0  entry7b.o(.ARM.Collect$$$$00000008)
    _main_cpp_init                           0x08000191   Thumb Code     0  entry8b.o(.ARM.Collect$$$$0000000A)
    _main_init                               0x08000191   Thumb Code     0  entry9a.o(.ARM.Collect$$$$0000000B)
    __rt_final_cpp                           0x08000199   Thumb Code     0  entry10a.o(.ARM.Collect$$$$0000000D)
    __rt_final_exit                          0x08000199   Thumb Code     0  entry11a.o(.ARM.Collect$$$$0000000F)
    HT1632::HT1632(signed char, signed char, signed char, signed char) 0x0800019d   Thumb Code    36  ht1632.o(.text)
    HT1632::HT1632__sub_object(signed char, signed char, signed char, signed char) 0x0800019d   Thumb Code     0  ht1632.o(.text)
    HT1632::writedata(unsigned short, unsigned char) 0x080001c1   Thumb Code    56  ht1632.o(.text)
    HT1632::sendcommand(unsigned char)       0x080001f9   Thumb Code    48  ht1632.o(.text)
    HT1632::begin(unsigned char)             0x08000229   Thumb Code   186  ht1632.o(.text)
    HT1632::clrPixel(unsigned short)         0x080002e3   Thumb Code    52  ht1632.o(.text)
    HT1632::setPixel(unsigned short)         0x08000317   Thumb Code    54  ht1632.o(.text)
    HT1632::blink(bool)                      0x0800034d   Thumb Code    28  ht1632.o(.text)
    HT1632::setBrightness(unsigned char)     0x08000369   Thumb Code    24  ht1632.o(.text)
    HT1632::writeScreen()                    0x08000381   Thumb Code   100  ht1632.o(.text)
    HT1632::clearScreen()                    0x080003e5   Thumb Code    50  ht1632.o(.text)
    HT1632::fillScreen()                     0x08000417   Thumb Code    50  ht1632.o(.text)
    HT1632::writeRAM(unsigned char, unsigned char) 0x08000449   Thumb Code    62  ht1632.o(.text)
    HT1632LEDMatrix::HT1632LEDMatrix(unsigned char, unsigned char, unsigned char) 0x08000487   Thumb Code    88  ht1632.o(.text)
    HT1632LEDMatrix::HT1632LEDMatrix__sub_object(unsigned char, unsigned char, unsigned char) 0x08000487   Thumb Code     0  ht1632.o(.text)
    HT1632LEDMatrix::HT1632LEDMatrix(unsigned char, unsigned char, unsigned char, unsigned char) 0x080004df   Thumb Code   130  ht1632.o(.text)
    HT1632LEDMatrix::HT1632LEDMatrix__sub_object(unsigned char, unsigned char, unsigned char, unsigned char) 0x080004df   Thumb Code     0  ht1632.o(.text)
    HT1632LEDMatrix::HT1632LEDMatrix(unsigned char, unsigned char, unsigned char, unsigned char, unsigned char) 0x08000561   Thumb Code   178  ht1632.o(.text)
    HT1632LEDMatrix::HT1632LEDMatrix__sub_object(unsigned char, unsigned char, unsigned char, unsigned char, unsigned char) 0x08000561   Thumb Code     0  ht1632.o(.text)
    HT1632LEDMatrix::HT1632LEDMatrix(unsigned char, unsigned char, unsigned char, unsigned char, unsigned char, unsigned char) 0x08000613   Thumb Code   210  ht1632.o(.text)
    HT1632LEDMatrix::HT1632LEDMatrix__sub_object(unsigned char, unsigned char, unsigned char, unsigned char, unsigned char, unsigned char) 0x08000613   Thumb Code     0  ht1632.o(.text)
    HT1632LEDMatrix::begin(unsigned char)    0x080006e5   Thumb Code    42  ht1632.o(.text)
    HT1632LEDMatrix::clearScreen()           0x0800070f   Thumb Code    38  ht1632.o(.text)
    HT1632LEDMatrix::fillScreen()            0x08000735   Thumb Code    38  ht1632.o(.text)
    HT1632LEDMatrix::blink(bool)             0x0800075b   Thumb Code    42  ht1632.o(.text)
    HT1632LEDMatrix::setBrightness(unsigned char) 0x08000785   Thumb Code    42  ht1632.o(.text)
    HT1632LEDMatrix::writeScreen()           0x080007af   Thumb Code    38  ht1632.o(.text)
    HT1632LEDMatrix::width()                 0x080007d5   Thumb Code     6  ht1632.o(.text)
    HT1632LEDMatrix::height()                0x080007db   Thumb Code     6  ht1632.o(.text)
    HT1632LEDMatrix::drawPixel(unsigned char, unsigned char, unsigned char) 0x080007e1   Thumb Code   170  ht1632.o(.text)
    HT1632LEDMatrix::clrPixel(unsigned char, unsigned char) 0x0800088b   Thumb Code    22  ht1632.o(.text)
    HT1632LEDMatrix::setPixel(unsigned char, unsigned char) 0x080008a1   Thumb Code    22  ht1632.o(.text)
    HT1632LEDMatrix::drawLine(signed char, signed char, signed char, signed char, unsigned char) 0x080008b7   Thumb Code   214  ht1632.o(.text)
    HT1632LEDMatrix::drawRect(unsigned char, unsigned char, unsigned char, unsigned char, unsigned char) 0x0800098d   Thumb Code   124  ht1632.o(.text)
    HT1632LEDMatrix::fillRect(unsigned char, unsigned char, unsigned char, unsigned char, unsigned char) 0x08000a09   Thumb Code    64  ht1632.o(.text)
    HT1632LEDMatrix::drawCircle(unsigned char, unsigned char, unsigned char, unsigned char) 0x08000a49   Thumb Code   278  ht1632.o(.text)
    HT1632LEDMatrix::fillCircle(unsigned char, unsigned char, unsigned char, unsigned char) 0x08000b5f   Thumb Code   234  ht1632.o(.text)
    HT1632LEDMatrix::setCursor(unsigned char, unsigned char) 0x08000c49   Thumb Code     6  ht1632.o(.text)
    HT1632LEDMatrix::setTextSize(unsigned char) 0x08000c4f   Thumb Code     4  ht1632.o(.text)
    HT1632LEDMatrix::setTextColor(unsigned char) 0x08000c53   Thumb Code     4  ht1632.o(.text)
    SysTick_Handler                          0x08000c59   Thumb Code    12  main.o(.text)
    InitSystick                              0x08000c65   Thumb Code    94  main.o(.text)
    main                                     0x08000cc3   Thumb Code   594  main.o(.text)
    InitLEDPins()                            0x08000f29   Thumb Code    48  digitdisplay.o(.text)
    InitButton()                             0x08000f59   Thumb Code    48  digitdisplay.o(.text)
    drawNine(HT1632LEDMatrix, unsigned, unsigned) 0x08000f89   Thumb Code   102  digitdisplay.o(.text)
    drawEight(HT1632LEDMatrix, unsigned, unsigned) 0x08000fef   Thumb Code   100  digitdisplay.o(.text)
    drawSeven(HT1632LEDMatrix, unsigned, unsigned) 0x08001053   Thumb Code    70  digitdisplay.o(.text)
    drawSix(HT1632LEDMatrix, unsigned, unsigned) 0x08001099   Thumb Code   104  digitdisplay.o(.text)
    drawFive(HT1632LEDMatrix, unsigned, unsigned) 0x08001101   Thumb Code   106  digitdisplay.o(.text)
    drawFour(HT1632LEDMatrix, unsigned, unsigned) 0x0800116b   Thumb Code   100  digitdisplay.o(.text)
    drawThree(HT1632LEDMatrix, unsigned, unsigned) 0x080011cf   Thumb Code   104  digitdisplay.o(.text)
    drawTwo(HT1632LEDMatrix, unsigned, unsigned) 0x08001237   Thumb Code   106  digitdisplay.o(.text)
    drawOne(HT1632LEDMatrix, unsigned, unsigned) 0x080012a1   Thumb Code    68  digitdisplay.o(.text)
    drawZero(HT1632LEDMatrix, unsigned, unsigned) 0x080012e5   Thumb Code    64  digitdisplay.o(.text)
    drawSixthDigit(HT1632LEDMatrix, unsigned*) 0x08001325   Thumb Code   274  digitdisplay.o(.text)
    drawFifthDigit(HT1632LEDMatrix, unsigned*) 0x08001437   Thumb Code   160  digitdisplay.o(.text)
    drawFourthDigit(HT1632LEDMatrix, unsigned*) 0x080014d7   Thumb Code   248  digitdisplay.o(.text)
    drawThirdDigit(HT1632LEDMatrix, unsigned*) 0x080015cf   Thumb Code   160  digitdisplay.o(.text)
    drawSecondDigit(HT1632LEDMatrix, unsigned*) 0x0800166f   Thumb Code   278  digitdisplay.o(.text)
    drawFirstDigit(HT1632LEDMatrix, unsigned*) 0x08001785   Thumb Code    98  digitdisplay.o(.text)
    drawMiddleTwoDots(HT1632LEDMatrix)       0x080017e7   Thumb Code    70  digitdisplay.o(.text)
    eraseMiddleTwoDots(HT1632LEDMatrix)      0x0800182d   Thumb Code    70  digitdisplay.o(.text)
    calculateTime(unsigned, unsigned*, unsigned*, unsigned*) 0x08001873   Thumb Code    52  digitdisplay.o(.text)
    initStopwatchDisplay(HT1632LEDMatrix)    0x080018a7   Thumb Code   270  digitdisplay.o(.text)
    drawStopwatchFirstDigit(HT1632LEDMatrix, unsigned*) 0x080019b5   Thumb Code   160  digitdisplay.o(.text)
    drawStopwatchSecondDigit(HT1632LEDMatrix, unsigned*) 0x08001a55   Thumb Code   292  digitdisplay.o(.text)
    drawStopwatchThirdDigit(HT1632LEDMatrix, unsigned*) 0x08001b79   Thumb Code   160  digitdisplay.o(.text)
    drawStopwatchFourthDigit(HT1632LEDMatrix, unsigned*) 0x08001c19   Thumb Code   248  digitdisplay.o(.text)
    calculateStopwatchTime(unsigned, unsigned*, unsigned*) 0x08001d11   Thumb Code    34  digitdisplay.o(.text)
    drawStopwatchMiddleTwoDots(HT1632LEDMatrix) 0x08001d33   Thumb Code    70  digitdisplay.o(.text)
    erasestopWatchMiddleTwoDots(HT1632LEDMatrix) 0x08001d79   Thumb Code    70  digitdisplay.o(.text)
    Delay(unsigned)                          0x08001dbf   Thumb Code    18  digitdisplay.o(.text)
    timeAlert(unsigned*, unsigned*)          0x08001dd1   Thumb Code    78  digitdisplay.o(.text)
    initialDisplay(HT1632LEDMatrix, unsigned*, unsigned*, unsigned*) 0x08001e1f   Thumb Code    76  digitdisplay.o(.text)
    SystemInit                               0x08001f65   Thumb Code    88  system_stm32f4xx.o(.text)
    SystemCoreClockUpdate                    0x08001fbd   Thumb Code   174  system_stm32f4xx.o(.text)
    Reset_Handler                            0x08002099   Thumb Code     8  startup_stm32f40_41xxx.o(.text)
    NMI_Handler                              0x080020a1   Thumb Code     2  startup_stm32f40_41xxx.o(.text)
    HardFault_Handler                        0x080020a3   Thumb Code     2  startup_stm32f40_41xxx.o(.text)
    MemManage_Handler                        0x080020a5   Thumb Code     2  startup_stm32f40_41xxx.o(.text)
    BusFault_Handler                         0x080020a7   Thumb Code     2  startup_stm32f40_41xxx.o(.text)
    UsageFault_Handler                       0x080020a9   Thumb Code     2  startup_stm32f40_41xxx.o(.text)
    SVC_Handler                              0x080020ab   Thumb Code     2  startup_stm32f40_41xxx.o(.text)
    DebugMon_Handler                         0x080020ad   Thumb Code     2  startup_stm32f40_41xxx.o(.text)
    PendSV_Handler                           0x080020af   Thumb Code     2  startup_stm32f40_41xxx.o(.text)
    ADC_IRQHandler                           0x080020b3   Thumb Code     0  startup_stm32f40_41xxx.o(.text)
    CAN1_RX0_IRQHandler                      0x080020b3   Thumb Code     0  startup_stm32f40_41xxx.o(.text)
    CAN1_RX1_IRQHandler                      0x080020b3   Thumb Code     0  startup_stm32f40_41xxx.o(.text)
    CAN1_SCE_IRQHandler                      0x080020b3   Thumb Code     0  startup_stm32f40_41xxx.o(.text)
    CAN1_TX_IRQHandler                       0x080020b3   Thumb Code     0  startup_stm32f40_41xxx.o(.text)
    CAN2_RX0_IRQHandler                      0x080020b3   Thumb Code     0  startup_stm32f40_41xxx.o(.text)
    CAN2_RX1_IRQHandler                      0x080020b3   Thumb Code     0  startup_stm32f40_41xxx.o(.text)
    CAN2_SCE_IRQHandler                      0x080020b3   Thumb Code     0  startup_stm32f40_41xxx.o(.text)
    CAN2_TX_IRQHandler                       0x080020b3   Thumb Code     0  startup_stm32f40_41xxx.o(.text)
    CRYP_IRQHandler                          0x080020b3   Thumb Code     0  startup_stm32f40_41xxx.o(.text)
    DCMI_IRQHandler                          0x080020b3   Thumb Code     0  startup_stm32f40_41xxx.o(.text)
    DMA1_Stream0_IRQHandler                  0x080020b3   Thumb Code     0  startup_stm32f40_41xxx.o(.text)
    DMA1_Stream1_IRQHandler                  0x080020b3   Thumb Code     0  startup_stm32f40_41xxx.o(.text)
    DMA1_Stream2_IRQHandler                  0x080020b3   Thumb Code     0  startup_stm32f40_41xxx.o(.text)
    DMA1_Stream3_IRQHandler                  0x080020b3   Thumb Code     0  startup_stm32f40_41xxx.o(.text)
    DMA1_Stream4_IRQHandler                  0x080020b3   Thumb Code     0  startup_stm32f40_41xxx.o(.text)
    DMA1_Stream5_IRQHandler                  0x080020b3   Thumb Code     0  startup_stm32f40_41xxx.o(.text)
    DMA1_Stream6_IRQHandler                  0x080020b3   Thumb Code     0  startup_stm32f40_41xxx.o(.text)
    DMA1_Stream7_IRQHandler                  0x080020b3   Thumb Code     0  startup_stm32f40_41xxx.o(.text)
    DMA2_Stream0_IRQHandler                  0x080020b3   Thumb Code     0  startup_stm32f40_41xxx.o(.text)
    DMA2_Stream1_IRQHandler                  0x080020b3   Thumb Code     0  startup_stm32f40_41xxx.o(.text)
    DMA2_Stream2_IRQHandler                  0x080020b3   Thumb Code     0  startup_stm32f40_41xxx.o(.text)
    DMA2_Stream3_IRQHandler                  0x080020b3   Thumb Code     0  startup_stm32f40_41xxx.o(.text)
    DMA2_Stream4_IRQHandler                  0x080020b3   Thumb Code     0  startup_stm32f40_41xxx.o(.text)
    DMA2_Stream5_IRQHandler                  0x080020b3   Thumb Code     0  startup_stm32f40_41xxx.o(.text)
    DMA2_Stream6_IRQHandler                  0x080020b3   Thumb Code     0  startup_stm32f40_41xxx.o(.text)
    DMA2_Stream7_IRQHandler                  0x080020b3   Thumb Code     0  startup_stm32f40_41xxx.o(.text)
    ETH_IRQHandler                           0x080020b3   Thumb Code     0  startup_stm32f40_41xxx.o(.text)
    ETH_WKUP_IRQHandler                      0x080020b3   Thumb Code     0  startup_stm32f40_41xxx.o(.text)
    EXTI0_IRQHandler                         0x080020b3   Thumb Code     0  startup_stm32f40_41xxx.o(.text)
    EXTI15_10_IRQHandler                     0x080020b3   Thumb Code     0  startup_stm32f40_41xxx.o(.text)
    EXTI1_IRQHandler                         0x080020b3   Thumb Code     0  startup_stm32f40_41xxx.o(.text)
    EXTI2_IRQHandler                         0x080020b3   Thumb Code     0  startup_stm32f40_41xxx.o(.text)
    EXTI3_IRQHandler                         0x080020b3   Thumb Code     0  startup_stm32f40_41xxx.o(.text)
    EXTI4_IRQHandler                         0x080020b3   Thumb Code     0  startup_stm32f40_41xxx.o(.text)
    EXTI9_5_IRQHandler                       0x080020b3   Thumb Code     0  startup_stm32f40_41xxx.o(.text)
    FLASH_IRQHandler                         0x080020b3   Thumb Code     0  startup_stm32f40_41xxx.o(.text)
    FPU_IRQHandler                           0x080020b3   Thumb Code     0  startup_stm32f40_41xxx.o(.text)
    FSMC_IRQHandler                          0x080020b3   Thumb Code     0  startup_stm32f40_41xxx.o(.text)
    HASH_RNG_IRQHandler                      0x080020b3   Thumb Code     0  startup_stm32f40_41xxx.o(.text)
    I2C1_ER_IRQHandler                       0x080020b3   Thumb Code     0  startup_stm32f40_41xxx.o(.text)
    I2C1_EV_IRQHandler                       0x080020b3   Thumb Code     0  startup_stm32f40_41xxx.o(.text)
    I2C2_ER_IRQHandler                       0x080020b3   Thumb Code     0  startup_stm32f40_41xxx.o(.text)
    I2C2_EV_IRQHandler                       0x080020b3   Thumb Code     0  startup_stm32f40_41xxx.o(.text)
    I2C3_ER_IRQHandler                       0x080020b3   Thumb Code     0  startup_stm32f40_41xxx.o(.text)
    I2C3_EV_IRQHandler                       0x080020b3   Thumb Code     0  startup_stm32f40_41xxx.o(.text)
    OTG_FS_IRQHandler                        0x080020b3   Thumb Code     0  startup_stm32f40_41xxx.o(.text)
    OTG_FS_WKUP_IRQHandler                   0x080020b3   Thumb Code     0  startup_stm32f40_41xxx.o(.text)
    OTG_HS_EP1_IN_IRQHandler                 0x080020b3   Thumb Code     0  startup_stm32f40_41xxx.o(.text)
    OTG_HS_EP1_OUT_IRQHandler                0x080020b3   Thumb Code     0  startup_stm32f40_41xxx.o(.text)
    OTG_HS_IRQHandler                        0x080020b3   Thumb Code     0  startup_stm32f40_41xxx.o(.text)
    OTG_HS_WKUP_IRQHandler                   0x080020b3   Thumb Code     0  startup_stm32f40_41xxx.o(.text)
    PVD_IRQHandler                           0x080020b3   Thumb Code     0  startup_stm32f40_41xxx.o(.text)
    RCC_IRQHandler                           0x080020b3   Thumb Code     0  startup_stm32f40_41xxx.o(.text)
    RTC_Alarm_IRQHandler                     0x080020b3   Thumb Code     0  startup_stm32f40_41xxx.o(.text)
    RTC_WKUP_IRQHandler                      0x080020b3   Thumb Code     0  startup_stm32f40_41xxx.o(.text)
    SDIO_IRQHandler                          0x080020b3   Thumb Code     0  startup_stm32f40_41xxx.o(.text)
    SPI1_IRQHandler                          0x080020b3   Thumb Code     0  startup_stm32f40_41xxx.o(.text)
    SPI2_IRQHandler                          0x080020b3   Thumb Code     0  startup_stm32f40_41xxx.o(.text)
    SPI3_IRQHandler                          0x080020b3   Thumb Code     0  startup_stm32f40_41xxx.o(.text)
    TAMP_STAMP_IRQHandler                    0x080020b3   Thumb Code     0  startup_stm32f40_41xxx.o(.text)
    TIM1_BRK_TIM9_IRQHandler                 0x080020b3   Thumb Code     0  startup_stm32f40_41xxx.o(.text)
    TIM1_CC_IRQHandler                       0x080020b3   Thumb Code     0  startup_stm32f40_41xxx.o(.text)
    TIM1_TRG_COM_TIM11_IRQHandler            0x080020b3   Thumb Code     0  startup_stm32f40_41xxx.o(.text)
    TIM1_UP_TIM10_IRQHandler                 0x080020b3   Thumb Code     0  startup_stm32f40_41xxx.o(.text)
    TIM2_IRQHandler                          0x080020b3   Thumb Code     0  startup_stm32f40_41xxx.o(.text)
    TIM3_IRQHandler                          0x080020b3   Thumb Code     0  startup_stm32f40_41xxx.o(.text)
    TIM4_IRQHandler                          0x080020b3   Thumb Code     0  startup_stm32f40_41xxx.o(.text)
    TIM5_IRQHandler                          0x080020b3   Thumb Code     0  startup_stm32f40_41xxx.o(.text)
    TIM6_DAC_IRQHandler                      0x080020b3   Thumb Code     0  startup_stm32f40_41xxx.o(.text)
    TIM7_IRQHandler                          0x080020b3   Thumb Code     0  startup_stm32f40_41xxx.o(.text)
    TIM8_BRK_TIM12_IRQHandler                0x080020b3   Thumb Code     0  startup_stm32f40_41xxx.o(.text)
    TIM8_CC_IRQHandler                       0x080020b3   Thumb Code     0  startup_stm32f40_41xxx.o(.text)
    TIM8_TRG_COM_TIM14_IRQHandler            0x080020b3   Thumb Code     0  startup_stm32f40_41xxx.o(.text)
    TIM8_UP_TIM13_IRQHandler                 0x080020b3   Thumb Code     0  startup_stm32f40_41xxx.o(.text)
    UART4_IRQHandler                         0x080020b3   Thumb Code     0  startup_stm32f40_41xxx.o(.text)
    UART5_IRQHandler                         0x080020b3   Thumb Code     0  startup_stm32f40_41xxx.o(.text)
    USART1_IRQHandler                        0x080020b3   Thumb Code     0  startup_stm32f40_41xxx.o(.text)
    USART2_IRQHandler                        0x080020b3   Thumb Code     0  startup_stm32f40_41xxx.o(.text)
    USART3_IRQHandler                        0x080020b3   Thumb Code     0  startup_stm32f40_41xxx.o(.text)
    USART6_IRQHandler                        0x080020b3   Thumb Code     0  startup_stm32f40_41xxx.o(.text)
    WWDG_IRQHandler                          0x080020b3   Thumb Code     0  startup_stm32f40_41xxx.o(.text)
    GPIO_DeInit                              0x080020bd   Thumb Code   268  stm32f4xx_gpio.o(.text)
    GPIO_Init                                0x080021c9   Thumb Code   144  stm32f4xx_gpio.o(.text)
    GPIO_StructInit                          0x08002259   Thumb Code    18  stm32f4xx_gpio.o(.text)
    GPIO_PinLockConfig                       0x0800226b   Thumb Code    34  stm32f4xx_gpio.o(.text)
    GPIO_ReadInputDataBit                    0x0800228d   Thumb Code    18  stm32f4xx_gpio.o(.text)
    GPIO_ReadInputData                       0x0800229f   Thumb Code     8  stm32f4xx_gpio.o(.text)
    GPIO_ReadOutputDataBit                   0x080022a7   Thumb Code    18  stm32f4xx_gpio.o(.text)
    GPIO_ReadOutputData                      0x080022b9   Thumb Code     8  stm32f4xx_gpio.o(.text)
    GPIO_SetBits                             0x080022c1   Thumb Code     4  stm32f4xx_gpio.o(.text)
    GPIO_ResetBits                           0x080022c5   Thumb Code     4  stm32f4xx_gpio.o(.text)
    GPIO_WriteBit                            0x080022c9   Thumb Code    10  stm32f4xx_gpio.o(.text)
    GPIO_Write                               0x080022d3   Thumb Code     4  stm32f4xx_gpio.o(.text)
    GPIO_ToggleBits                          0x080022d7   Thumb Code     8  stm32f4xx_gpio.o(.text)
    GPIO_PinAFConfig                         0x080022df   Thumb Code    70  stm32f4xx_gpio.o(.text)
    RCC_DeInit                               0x08002351   Thumb Code    82  stm32f4xx_rcc.o(.text)
    RCC_HSEConfig                            0x080023a3   Thumb Code    14  stm32f4xx_rcc.o(.text)
    RCC_GetFlagStatus                        0x080023b1   Thumb Code    60  stm32f4xx_rcc.o(.text)
    RCC_WaitForHSEStartUp                    0x080023ed   Thumb Code    56  stm32f4xx_rcc.o(.text)
    RCC_AdjustHSICalibrationValue            0x08002425   Thumb Code    20  stm32f4xx_rcc.o(.text)
    RCC_HSICmd                               0x08002439   Thumb Code     6  stm32f4xx_rcc.o(.text)
    RCC_LSEConfig                            0x0800243f   Thumb Code    46  stm32f4xx_rcc.o(.text)
    RCC_LSICmd                               0x0800246d   Thumb Code     6  stm32f4xx_rcc.o(.text)
    RCC_PLLConfig                            0x08002473   Thumb Code    32  stm32f4xx_rcc.o(.text)
    RCC_PLLCmd                               0x08002493   Thumb Code     6  stm32f4xx_rcc.o(.text)
    RCC_PLLI2SConfig                         0x08002499   Thumb Code    14  stm32f4xx_rcc.o(.text)
    RCC_PLLI2SCmd                            0x080024a7   Thumb Code     6  stm32f4xx_rcc.o(.text)
    RCC_PLLSAIConfig                         0x080024ad   Thumb Code    20  stm32f4xx_rcc.o(.text)
    RCC_PLLSAICmd                            0x080024c1   Thumb Code     6  stm32f4xx_rcc.o(.text)
    RCC_ClockSecuritySystemCmd               0x080024c7   Thumb Code     6  stm32f4xx_rcc.o(.text)
    RCC_MCO1Config                           0x080024cd   Thumb Code    28  stm32f4xx_rcc.o(.text)
    RCC_MCO2Config                           0x080024e9   Thumb Code    28  stm32f4xx_rcc.o(.text)
    RCC_SYSCLKConfig                         0x08002505   Thumb Code    20  stm32f4xx_rcc.o(.text)
    RCC_GetSYSCLKSource                      0x08002519   Thumb Code    12  stm32f4xx_rcc.o(.text)
    RCC_HCLKConfig                           0x08002525   Thumb Code    20  stm32f4xx_rcc.o(.text)
    RCC_PCLK1Config                          0x08002539   Thumb Code    20  stm32f4xx_rcc.o(.text)
    RCC_PCLK2Config                          0x0800254d   Thumb Code    22  stm32f4xx_rcc.o(.text)
    RCC_GetClocksFreq                        0x08002563   Thumb Code   222  stm32f4xx_rcc.o(.text)
    RCC_RTCCLKConfig                         0x08002641   Thumb Code    54  stm32f4xx_rcc.o(.text)
    RCC_RTCCLKCmd                            0x08002677   Thumb Code     8  stm32f4xx_rcc.o(.text)
    RCC_BackupResetCmd                       0x0800267f   Thumb Code     8  stm32f4xx_rcc.o(.text)
    RCC_I2SCLKConfig                         0x08002687   Thumb Code     6  stm32f4xx_rcc.o(.text)
    RCC_SAIPLLI2SClkDivConfig                0x0800268d   Thumb Code    26  stm32f4xx_rcc.o(.text)
    RCC_SAIPLLSAIClkDivConfig                0x080026a7   Thumb Code    28  stm32f4xx_rcc.o(.text)
    RCC_SAIBlockACLKConfig                   0x080026c3   Thumb Code    20  stm32f4xx_rcc.o(.text)
    RCC_SAIBlockBCLKConfig                   0x080026d7   Thumb Code    20  stm32f4xx_rcc.o(.text)
    RCC_LTDCCLKDivConfig                     0x080026eb   Thumb Code    20  stm32f4xx_rcc.o(.text)
    RCC_TIMCLKPresConfig                     0x080026ff   Thumb Code     6  stm32f4xx_rcc.o(.text)
    RCC_AHB1PeriphClockCmd                   0x08002705   Thumb Code    34  stm32f4xx_rcc.o(.text)
    RCC_AHB2PeriphClockCmd                   0x08002727   Thumb Code    78  stm32f4xx_rcc.o(.text)
    RCC_AHB3PeriphClockCmd                   0x08002775   Thumb Code    34  stm32f4xx_rcc.o(.text)
    RCC_APB1PeriphClockCmd                   0x08002797   Thumb Code    34  stm32f4xx_rcc.o(.text)
    RCC_APB2PeriphClockCmd                   0x080027b9   Thumb Code    34  stm32f4xx_rcc.o(.text)
    RCC_AHB1PeriphResetCmd                   0x080027db   Thumb Code    34  stm32f4xx_rcc.o(.text)
    RCC_AHB2PeriphResetCmd                   0x080027fd   Thumb Code    34  stm32f4xx_rcc.o(.text)
    RCC_AHB3PeriphResetCmd                   0x0800281f   Thumb Code    34  stm32f4xx_rcc.o(.text)
    RCC_APB1PeriphResetCmd                   0x08002841   Thumb Code    34  stm32f4xx_rcc.o(.text)
    RCC_APB2PeriphResetCmd                   0x08002863   Thumb Code    34  stm32f4xx_rcc.o(.text)
    RCC_AHB1PeriphClockLPModeCmd             0x08002885   Thumb Code    34  stm32f4xx_rcc.o(.text)
    RCC_AHB2PeriphClockLPModeCmd             0x080028a7   Thumb Code    34  stm32f4xx_rcc.o(.text)
    RCC_AHB3PeriphClockLPModeCmd             0x080028c9   Thumb Code    34  stm32f4xx_rcc.o(.text)
    RCC_APB1PeriphClockLPModeCmd             0x080028eb   Thumb Code    34  stm32f4xx_rcc.o(.text)
    RCC_APB2PeriphClockLPModeCmd             0x0800290d   Thumb Code    34  stm32f4xx_rcc.o(.text)
    RCC_ITConfig                             0x0800292f   Thumb Code    34  stm32f4xx_rcc.o(.text)
    RCC_ClearFlag                            0x08002951   Thumb Code    18  stm32f4xx_rcc.o(.text)
    RCC_GetITStatus                          0x08002963   Thumb Code    22  stm32f4xx_rcc.o(.text)
    RCC_ClearITPendingBit                    0x08002979   Thumb Code     8  stm32f4xx_rcc.o(.text)
    __aeabi_memcpy                           0x08002985   Thumb Code    36  memcpya.o(.text)
    __aeabi_memcpy4                          0x08002985   Thumb Code     0  memcpya.o(.text)
    __aeabi_memcpy8                          0x08002985   Thumb Code     0  memcpya.o(.text)
    __scatterload                            0x080029a9   Thumb Code    28  init.o(.text)
    __scatterload_rt2                        0x080029a9   Thumb Code     0  init.o(.text)
    __scatterload_copy                       0x080029cd   Thumb Code    14  handlers.o(i.__scatterload_copy)
    __scatterload_null                       0x080029db   Thumb Code     2  handlers.o(i.__scatterload_null)
    __scatterload_zeroinit                   0x080029dd   Thumb Code    14  handlers.o(i.__scatterload_zeroinit)
    malloc                                   0x080029ed   Thumb Code    92  malloc.o(i.malloc)
    Region$$Table$$Base                      0x08002a58   Number         0  anon$$obj.o(Region$$Table)
    Region$$Table$$Limit                     0x08002a78   Number         0  anon$$obj.o(Region$$Table)
    msTicks                                  0x20000000   Data           4  main.o(.data)
    fifthDigitX                              0x20000004   Data           4  digitdisplay.o(.data)
    sixthDigitX                              0x20000008   Data           4  digitdisplay.o(.data)
    middleDotsX                              0x2000000c   Data           4  digitdisplay.o(.data)
    digitYTopRow                             0x20000010   Data           4  digitdisplay.o(.data)
    digitYBottomRow                          0x20000014   Data           4  digitdisplay.o(.data)
    digitYMiddle                             0x20000018   Data           4  digitdisplay.o(.data)
    firstDigitX                              0x2000001c   Data           4  digitdisplay.o(.data)
    secondDigitX                             0x20000020   Data           4  digitdisplay.o(.data)
    thirdDigitX                              0x20000024   Data           4  digitdisplay.o(.data)
    fourthDigitX                             0x20000028   Data           4  digitdisplay.o(.data)
    digitWidthOutside                        0x2000002c   Data           4  digitdisplay.o(.data)
    digitWidthInside                         0x20000030   Data           4  digitdisplay.o(.data)
    digitHeightOutside                       0x20000034   Data           4  digitdisplay.o(.data)
    digitHeightInside                        0x20000038   Data           4  digitdisplay.o(.data)
    alarmMinutes                             0x2000003c   Data           4  digitdisplay.o(.data)
    alarmSeconds                             0x20000040   Data           4  digitdisplay.o(.data)
    SystemCoreClock                          0x20000044   Data           4  system_stm32f4xx.o(.data)
    AHBPrescTable                            0x20000048   Data          16  system_stm32f4xx.o(.data)
    __microlib_freelist                      0x20000068   Data           4  mvars.o(.data)
    __microlib_freelist_initialised          0x2000006c   Data           4  mvars.o(.data)
    __heap_base                              0x20000070   Data           0  startup_stm32f40_41xxx.o(HEAP)
    __heap_limit                             0x20003070   Data           0  startup_stm32f40_41xxx.o(HEAP)
    __initial_sp                             0x20007070   Data           0  startup_stm32f40_41xxx.o(STACK)



==============================================================================

Memory Map of the image

  Image Entry point : 0x08000189

  Load Region LR_IROM1 (Base: 0x08000000, Size: 0x00002ae8, Max: 0x00100000, ABSOLUTE)

    Execution Region ER_IROM1 (Base: 0x08000000, Size: 0x00002a78, Max: 0x00100000, ABSOLUTE)

    Base Addr    Size         Type   Attr      Idx    E Section Name        Object

    0x08000000   0x00000188   Data   RO          256    RESET               startup_stm32f40_41xxx.o
    0x08000188   0x00000000   Code   RO          403  * .ARM.Collect$$$$00000000  mc_w.l(entry.o)
    0x08000188   0x00000004   Code   RO          438    .ARM.Collect$$$$00000001  mc_w.l(entry2.o)
    0x0800018c   0x00000004   Code   RO          441    .ARM.Collect$$$$00000004  mc_w.l(entry5.o)
    0x08000190   0x00000000   Code   RO          443    .ARM.Collect$$$$00000008  mc_w.l(entry7b.o)
    0x08000190   0x00000000   Code   RO          445    .ARM.Collect$$$$0000000A  mc_w.l(entry8b.o)
    0x08000190   0x00000008   Code   RO          446    .ARM.Collect$$$$0000000B  mc_w.l(entry9a.o)
    0x08000198   0x00000000   Code   RO          448    .ARM.Collect$$$$0000000D  mc_w.l(entry10a.o)
    0x08000198   0x00000000   Code   RO          450    .ARM.Collect$$$$0000000F  mc_w.l(entry11a.o)
    0x08000198   0x00000004   Code   RO          439    .ARM.Collect$$$$00002712  mc_w.l(entry2.o)
    0x0800019c   0x00000aba   Code   RO           80    .text               ht1632.o
    0x08000c56   0x00000002   PAD
    0x08000c58   0x000002d0   Code   RO          161    .text               main.o
    0x08000f28   0x00000f60   Code   RO          192    .text               digitdisplay.o
    0x08001e88   0x00000210   Code   RO          217    .text               system_stm32f4xx.o
    0x08002098   0x00000024   Code   RO          257    .text               startup_stm32f40_41xxx.o
    0x080020bc   0x00000294   Code   RO          303    .text               stm32f4xx_gpio.o
    0x08002350   0x00000634   Code   RO          323    .text               stm32f4xx_rcc.o
    0x08002984   0x00000024   Code   RO          406    .text               mc_w.l(memcpya.o)
    0x080029a8   0x00000024   Code   RO          454    .text               mc_w.l(init.o)
    0x080029cc   0x0000000e   Code   RO          458    i.__scatterload_copy  mc_w.l(handlers.o)
    0x080029da   0x00000002   Code   RO          459    i.__scatterload_null  mc_w.l(handlers.o)
    0x080029dc   0x0000000e   Code   RO          460    i.__scatterload_zeroinit  mc_w.l(handlers.o)
    0x080029ea   0x00000002   PAD
    0x080029ec   0x0000006c   Code   RO          411    i.malloc            mc_w.l(malloc.o)
    0x08002a58   0x00000020   Data   RO          456    Region$$Table       anon$$obj.o


    Execution Region RW_IRAM1 (Base: 0x20000000, Size: 0x00007070, Max: 0x00020000, ABSOLUTE)

    Base Addr    Size         Type   Attr      Idx    E Section Name        Object

    0x20000000   0x00000004   Data   RW          163    .data               main.o
    0x20000004   0x00000040   Data   RW          194    .data               digitdisplay.o
    0x20000044   0x00000014   Data   RW          218    .data               system_stm32f4xx.o
    0x20000058   0x00000010   Data   RW          324    .data               stm32f4xx_rcc.o
    0x20000068   0x00000004   Data   RW          452    .data               mc_w.l(mvars.o)
    0x2000006c   0x00000004   Data   RW          453    .data               mc_w.l(mvars.o)
    0x20000070   0x00003000   Zero   RW          255    HEAP                startup_stm32f40_41xxx.o
    0x20003070   0x00004000   Zero   RW          254    STACK               startup_stm32f40_41xxx.o


==============================================================================

Image component sizes


      Code (inc. data)   RO Data    RW Data    ZI Data      Debug   Object Name

      3936        202          0         64          0       9896   digitdisplay.o
         0          0          0          0          0      26360   fputc_def.o
      2746          4          0          0          0     268784   ht1632.o
       720         20          0          4          0      28516   main.o
        36          8        392          0      28672        844   startup_stm32f40_41xxx.o
       660         44          0          0          0       4301   stm32f4xx_gpio.o
      1588         52          0         16          0      12950   stm32f4xx_rcc.o
       528         46          0         20          0     246867   system_stm32f4xx.o

    ----------------------------------------------------------------------
     10216        376        424        104      28672     598518   Object Totals
         0          0         32          0          0          0   (incl. Generated)
         2          0          0          0          0          0   (incl. Padding)

    ----------------------------------------------------------------------

      Code (inc. data)   RO Data    RW Data    ZI Data      Debug   Library Member Name

         0          0          0          0          0          0   entry.o
         0          0          0          0          0          0   entry10a.o
         0          0          0          0          0          0   entry11a.o
         8          4          0          0          0          0   entry2.o
         4          0          0          0          0          0   entry5.o
         0          0          0          0          0          0   entry7b.o
         0          0          0          0          0          0   entry8b.o
         8          4          0          0          0          0   entry9a.o
        30          0          0          0          0          0   handlers.o
        36          8          0          0          0         68   init.o
       108         16          0          0          0         84   malloc.o
        36          0          0          0          0         68   memcpya.o
         0          0          0          8          0          0   mvars.o

    ----------------------------------------------------------------------
       232         32          0          8          0        220   Library Totals
         2          0          0          0          0          0   (incl. Padding)

    ----------------------------------------------------------------------

      Code (inc. data)   RO Data    RW Data    ZI Data      Debug   Library Name

       230         32          0          8          0        220   mc_w.l

    ----------------------------------------------------------------------
       232         32          0          8          0        220   Library Totals

    ----------------------------------------------------------------------

==============================================================================


      Code (inc. data)   RO Data    RW Data    ZI Data      Debug   

     10448        408        424        112      28672     597490   Grand Totals
     10448        408        424        112      28672     597490   ELF Image Totals
     10448        408        424        112          0          0   ROM Totals

==============================================================================

    Total RO  Size (Code + RO Data)                10872 (  10.62kB)
    Total RW  Size (RW Data + ZI Data)             28784 (  28.11kB)
    Total ROM Size (Code + RO Data + RW Data)      10984 (  10.73kB)

==============================================================================

