<html>
<body>
<pre>
<h1>µVision Build Log</h1>
<h2>Project:</h2>
C:\Users\KAC\Desktop\LED_Display\Blinky.uvprojx
Project File Date:  12/09/2014

<h2>Output:</h2>
Build target 'STM32F407 Flash'
compiling main.cpp...
digitdisplay.h(54): warning:  #1-D: last line of file ends without a newline
  #endif
main.cpp(49): warning:  #177-D: variable "msDiff" was declared but never referenced
        uint32_t msDiff = 0;
main.cpp(52): warning:  #177-D: variable "timeButtonDiff" was declared but never referenced
        uint32_t timeButtonDiff = 0;
main.cpp: 3 warnings, 0 errors
linking...
Program Size: Code=10448 RO-data=424 RW-data=112 ZI-data=28672  
".\Flash\Blinky.axf" - 0 Error(s), 3 Warning(s).

<h2>Software Packages used:</h2>

Package Vendor: ARM
                http://www.keil.com/pack/ARM.CMSIS.4.1.1.pack
                ARM::CMSIS:CORE:3.30.0
                CMSIS (Cortex Microcontroller Software Interface Standard)
   * Component: CORE Version: 3.30.0
   * Component: DSP Version: 1.4.2

Package Vendor: Keil
                http://www.keil.com/pack/Keil.STM32F4xx_DFP.1.0.8.pack
                Keil::Device:Startup:1.3.1
                STMicroelectronics STM32F4 Series Device Support, Drivers and Examples
   * Component: Startup Version: 1.3.1
   * Component: Framework Version: 1.3.1
   * Component: EXTI Version: 1.3.0
   * Component: GPIO Version: 1.3.0
   * Component: RCC Version: 1.3.0
   * Component: SPI Version: 1.3.0
   * Component: SYSCFG Version: 1.3.0
   * Component: TIM Version: 1.3.0

<h2>Collection of Component include folders:</h2>
  C:\Users\KAC\Desktop\LED_Display\RTE
  C:\Users\KAC\Desktop\LED_Display\RTE\Device\STM32F407VG
  C:\Keil_v5\ARM\PACK\ARM\CMSIS\4.1.1\CMSIS\Include
  C:\Keil_v5\ARM\PACK\Keil\STM32F4xx_DFP\1.0.8\Device\Include
  C:\Keil_v5\ARM\PACK\Keil\STM32F4xx_DFP\1.0.8\Device\StdPeriph_Driver\inc

<h2>Collection of Component Files used:</h2>

   * Component: ARM::CMSIS:CORE:3.30.0
      Source file:   CMSIS\UserCodeTemplates\ARM\ITM_Retarget.c

   * Component: ARM::CMSIS:DSP:1.4.2
      Include file:  CMSIS\Include\arm_math.h
      Library file:  CMSIS\Lib\ARM\arm_cortexM4lf_math.lib

   * Component: Keil::Device:Startup:1.3.1
      Source file:   Device\Source\ARM\STM32F40xxx_41xxx_OPT.s
      Source file:   Device\Source\ARM\STM32F4xx_OTP.s
      Include file:  Device\Include\stm32f4xx.h
      Source file:   Device\Source\ARM\startup_stm32f40_41xxx.s
      Source file:   Device\Source\system_stm32f4xx.c
      Include file:  RTE_Driver\Config\RTE_Device.h

   * Component: Keil::Device:StdPeriph Drivers:Framework:1.3.1
      Source file:   Device\StdPeriph_Driver\src\misc.c
      Source file:   Device\StdPeriph_Driver\templates\stm32f4xx_conf.h
      Include file:  Device\StdPeriph_Driver\templates\stm32f4xx_it.h
      Source file:   Device\StdPeriph_Driver\templates\stm32f4xx_it.c

   * Component: Keil::Device:StdPeriph Drivers:EXTI:1.3.0
      Include file:  Device\StdPeriph_Driver\inc\stm32f4xx_exti.h
      Source file:   Device\StdPeriph_Driver\src\stm32f4xx_exti.c

   * Component: Keil::Device:StdPeriph Drivers:GPIO:1.3.0
      Include file:  Device\StdPeriph_Driver\inc\stm32f4xx_gpio.h
      Source file:   Device\StdPeriph_Driver\src\stm32f4xx_gpio.c

   * Component: Keil::Device:StdPeriph Drivers:RCC:1.3.0
      Include file:  Device\StdPeriph_Driver\inc\stm32f4xx_rcc.h
      Source file:   Device\StdPeriph_Driver\src\stm32f4xx_rcc.c

   * Component: Keil::Device:StdPeriph Drivers:SPI:1.3.0
      Include file:  Device\StdPeriph_Driver\inc\stm32f4xx_spi.h
      Source file:   Device\StdPeriph_Driver\src\stm32f4xx_spi.c

   * Component: Keil::Device:StdPeriph Drivers:SYSCFG:1.3.0
      Include file:  Device\StdPeriph_Driver\inc\stm32f4xx_syscfg.h
      Source file:   Device\StdPeriph_Driver\src\stm32f4xx_syscfg.c

   * Component: Keil::Device:StdPeriph Drivers:TIM:1.3.0
      Include file:  Device\StdPeriph_Driver\inc\stm32f4xx_tim.h
      Source file:   Device\StdPeriph_Driver\src\stm32f4xx_tim.c
</pre>
</body>
</html>
